Modules list:
-------------
main.o:
    CODE              Offs=000000  Size=000D18  Align=00001  Fill=0000
    RODATA            Offs=000000  Size=000B79  Align=00001  Fill=0000
    BSS               Offs=000000  Size=000088  Align=00001  Fill=0000
apple1_asm.o:
    CODE              Offs=000D18  Size=000016  Align=00001  Fill=0000
tms9918.o:
    CODE              Offs=000D2E  Size=0001B4  Align=00001  Fill=0000
    RODATA            Offs=000B79  Size=000004  Align=00001  Fill=0000
    BSS               Offs=000088  Size=00000B  Align=00001  Fill=0000
screen1.o:
    CODE              Offs=000EE2  Size=0005DD  Align=00001  Fill=0000
    RODATA            Offs=000B7D  Size=000008  Align=00001  Fill=0000
    BSS               Offs=000093  Size=000300  Align=00001  Fill=0000
c64font_packed.o:
    RODATA            Offs=000B85  Size=000552  Align=00001  Fill=0000
    BSS               Offs=000393  Size=000008  Align=00001  Fill=0000
c64font_unpack.o:
    CODE              Offs=0014BF  Size=0000B0  Align=00001  Fill=0000
/usr/share/cc65/lib/none.lib(add.o):
    CODE              Offs=00156F  Size=00001C  Align=00001  Fill=0000
/usr/share/cc65/lib/none.lib(addeqsp.o):
    CODE              Offs=00158B  Size=000011  Align=00001  Fill=0000
/usr/share/cc65/lib/none.lib(addysp.o):
    CODE              Offs=00159C  Size=00000E  Align=00001  Fill=0000
/usr/share/cc65/lib/none.lib(aslax4.o):
    CODE              Offs=0015AA  Size=000011  Align=00001  Fill=0000
/usr/share/cc65/lib/none.lib(condes.o):
    CODE              Offs=0015BB  Size=00000C  Align=00001  Fill=0000
    DATA              Offs=000000  Size=000025  Align=00001  Fill=0000
    ONCE              Offs=000000  Size=00000C  Align=00001  Fill=0000
/usr/share/cc65/lib/none.lib(crt0.o):
    STARTUP           Offs=000000  Size=000017  Align=00001  Fill=0000
/usr/share/cc65/lib/none.lib(decsp1.o):
    CODE              Offs=0015C7  Size=000009  Align=00001  Fill=0000
/usr/share/cc65/lib/none.lib(decsp2.o):
    CODE              Offs=0015D0  Size=00000D  Align=00001  Fill=0000
/usr/share/cc65/lib/none.lib(decsp3.o):
    CODE              Offs=0015DD  Size=00000D  Align=00001  Fill=0000
/usr/share/cc65/lib/none.lib(decsp4.o):
    CODE              Offs=0015EA  Size=00000D  Align=00001  Fill=0000
/usr/share/cc65/lib/none.lib(decsp6.o):
    CODE              Offs=0015F7  Size=00000D  Align=00001  Fill=0000
/usr/share/cc65/lib/none.lib(icmp.o):
    CODE              Offs=001604  Size=00002E  Align=00001  Fill=0000
/usr/share/cc65/lib/none.lib(incsp1.o):
    CODE              Offs=001632  Size=000007  Align=00001  Fill=0000
/usr/share/cc65/lib/none.lib(incsp2.o):
    CODE              Offs=001639  Size=000016  Align=00001  Fill=0000
/usr/share/cc65/lib/none.lib(incsp3.o):
    CODE              Offs=00164F  Size=000005  Align=00001  Fill=0000
/usr/share/cc65/lib/none.lib(incsp4.o):
    CODE              Offs=001654  Size=000005  Align=00001  Fill=0000
/usr/share/cc65/lib/none.lib(incsp5.o):
    CODE              Offs=001659  Size=000005  Align=00001  Fill=0000
/usr/share/cc65/lib/none.lib(incsp6.o):
    CODE              Offs=00165E  Size=000005  Align=00001  Fill=0000
/usr/share/cc65/lib/none.lib(incsp7.o):
    CODE              Offs=001663  Size=000005  Align=00001  Fill=0000
/usr/share/cc65/lib/none.lib(incsp8.o):
    CODE              Offs=001668  Size=000005  Align=00001  Fill=0000
/usr/share/cc65/lib/none.lib(makebool.o):
    CODE              Offs=00166D  Size=00002C  Align=00001  Fill=0000
/usr/share/cc65/lib/none.lib(pusha.o):
    CODE              Offs=001699  Size=000016  Align=00001  Fill=0000
/usr/share/cc65/lib/none.lib(pushax.o):
    CODE              Offs=0016AF  Size=00001A  Align=00001  Fill=0000
/usr/share/cc65/lib/none.lib(pushwsp.o):
    CODE              Offs=0016C9  Size=00001C  Align=00001  Fill=0000
/usr/share/cc65/lib/none.lib(staspidx.o):
    CODE              Offs=0016E5  Size=000016  Align=00001  Fill=0000
/usr/share/cc65/lib/none.lib(staxsp.o):
    CODE              Offs=0016FB  Size=00000B  Align=00001  Fill=0000
/usr/share/cc65/lib/none.lib(subeqsp.o):
    CODE              Offs=001706  Size=000015  Align=00001  Fill=0000
/usr/share/cc65/lib/none.lib(zerobss.o):
    CODE              Offs=00171B  Size=000023  Align=00001  Fill=0000
/usr/share/cc65/lib/none.lib(zeropage.o):
    ZEROPAGE          Offs=000000  Size=00001A  Align=00001  Fill=0000


Segment list:
-------------
Name                   Start     End    Size  Align
----------------------------------------------------
ZEROPAGE              000000  000019  00001A  00001
DATA                  000280  0002A4  000025  00001
STARTUP               004000  004016  000017  00001
ONCE                  004017  004022  00000C  00001
CODE                  004023  005760  00173E  00001
RODATA                005761  006837  0010D7  00001
BSS                   00E000  00E39A  00039B  00001


Exports list by name:
---------------------
_SCREEN1_TABLE            0062DE RLA    _VDP_DATA                 0062DA RLA    
__BSS_RUN__               00E000 RLA    __BSS_SIZE__              00039B REA    
__CONSTRUCTOR_COUNT__     000000 REA    __CONSTRUCTOR_TABLE__     004023 RLA    
__DESTRUCTOR_COUNT__      000000 REA    __DESTRUCTOR_TABLE__      006838 RLA    
__STACKSTART__            001000 REA    __STARTUP__               000001 REA    
_apple1_getkey            004D46 RLA    _c64font_glyph_buf        00E393 RLA    
_c64font_rle_data         0062E6 RLA    _c64font_rle_offs         006778 RLA    
_c64font_unpack_glyph     0054E2 RLA    _main                     004C68 RLA    
_screen1_load_font        004F05 RLA    _screen1_prepare          0050BA RLA    
_screen1_putc             00513C RLA    _screen1_puts             00521E RLA    
_screen1_strinput         005261 RLA    _tms_cursor_x             00E090 RLA    
_tms_cursor_y             00E091 RLA    _tms_init_regs            004DF4 RLA    
_tms_reverse              00E092 RLA    _tms_set_color            004DE2 RLA    
_tms_set_vram_read_addr   004D7B RLA    _tms_set_vram_write_addr  004D51 RLA    
_tms_wait_end_of_frame    004E9B RLA    _woz_mon                  004D43 RLA    
addeq0sp                  0055AE RLA    addeqysp                  0055B0 RLA    
addysp                    0055C0 RLA    boolne                    005690 RLA    
decsp1                    0055EA RLA    decsp2                    0055F3 RLA    
decsp3                    005600 RLA    decsp4                    00560D RLA    
decsp6                    00561A RLA    donelib                   0055DE RLA    
incsp1                    005655 RLA    incsp2                    005664 RLA    
incsp3                    005672 RLA    incsp4                    005677 RLA    
incsp5                    00567C RLA    incsp6                    005681 RLA    
incsp7                    005686 RLA    incsp8                    00568B RLA    
initlib                   004017 RLA    ptr1                      000008 RLZ    
push0                     0056D2 RLA    pusha                     0056C0 RLA    
pusha0                    0056D4 RLA    pushax                    0056D6 RLA    
pushw0sp                  0056EC RLA    pushwysp                  0056EE RLA    
regsave                   000004 RLZ    shlax4                    0055CD RLA    
sp                        000000 RLZ    sreg                      000002 RLZ    
staspidx                  005708 RLA    stax0sp                   00571E RLA    
staxysp                   005720 RLA    subeq0sp                  005729 RLA    
tmp1                      000010 RLZ    tosadda0                  005592 RLA    
tosicmp                   005629 RLA    zerobss                   00573E RLA    



Exports list by value:
----------------------
__CONSTRUCTOR_COUNT__     000000 REA    __DESTRUCTOR_COUNT__      000000 REA    
sp                        000000 RLZ    __STARTUP__               000001 REA    
sreg                      000002 RLZ    regsave                   000004 RLZ    
ptr1                      000008 RLZ    tmp1                      000010 RLZ    
__BSS_SIZE__              00039B REA    __STACKSTART__            001000 REA    
initlib                   004017 RLA    __CONSTRUCTOR_TABLE__     004023 RLA    
_main                     004C68 RLA    _woz_mon                  004D43 RLA    
_apple1_getkey            004D46 RLA    _tms_set_vram_write_addr  004D51 RLA    
_tms_set_vram_read_addr   004D7B RLA    _tms_set_color            004DE2 RLA    
_tms_init_regs            004DF4 RLA    _tms_wait_end_of_frame    004E9B RLA    
_screen1_load_font        004F05 RLA    _screen1_prepare          0050BA RLA    
_screen1_putc             00513C RLA    _screen1_puts             00521E RLA    
_screen1_strinput         005261 RLA    _c64font_unpack_glyph     0054E2 RLA    
tosadda0                  005592 RLA    addeq0sp                  0055AE RLA    
addeqysp                  0055B0 RLA    addysp                    0055C0 RLA    
shlax4                    0055CD RLA    donelib                   0055DE RLA    
decsp1                    0055EA RLA    decsp2                    0055F3 RLA    
decsp3                    005600 RLA    decsp4                    00560D RLA    
decsp6                    00561A RLA    tosicmp                   005629 RLA    
incsp1                    005655 RLA    incsp2                    005664 RLA    
incsp3                    005672 RLA    incsp4                    005677 RLA    
incsp5                    00567C RLA    incsp6                    005681 RLA    
incsp7                    005686 RLA    incsp8                    00568B RLA    
boolne                    005690 RLA    pusha                     0056C0 RLA    
push0                     0056D2 RLA    pusha0                    0056D4 RLA    
pushax                    0056D6 RLA    pushw0sp                  0056EC RLA    
pushwysp                  0056EE RLA    staspidx                  005708 RLA    
stax0sp                   00571E RLA    staxysp                   005720 RLA    
subeq0sp                  005729 RLA    zerobss                   00573E RLA    
_VDP_DATA                 0062DA RLA    _SCREEN1_TABLE            0062DE RLA    
_c64font_rle_data         0062E6 RLA    _c64font_rle_offs         006778 RLA    
__DESTRUCTOR_TABLE__      006838 RLA    __BSS_RUN__               00E000 RLA    
_tms_cursor_x             00E090 RLA    _tms_cursor_y             00E091 RLA    
_tms_reverse              00E092 RLA    _c64font_glyph_buf        00E393 RLA    



Imports list:
-------------
_SCREEN1_TABLE (screen1.o):
    main.o                    main.s(16)
_VDP_DATA (tms9918.o):
    screen1.o                 ../../lib/screen1.s(13)
__BSS_RUN__ ([linker generated]):
    zerobss.o                 common/zerobss.s(8)
__BSS_SIZE__ ([linker generated]):
    zerobss.o                 common/zerobss.s(8)
__CONSTRUCTOR_COUNT__ ([linker generated]):
    condes.o                  runtime/condes.s(18)
__CONSTRUCTOR_TABLE__ ([linker generated]):
    condes.o                  runtime/condes.s(18)
__DESTRUCTOR_COUNT__ ([linker generated]):
    condes.o                  runtime/condes.s(19)
__DESTRUCTOR_TABLE__ ([linker generated]):
    condes.o                  runtime/condes.s(19)
__STACKSTART__ ([linker generated]):
    crt0.o                    none/crt0.s(5)
__STARTUP__ (crt0.o):
    main.o                    main.s(13)
_apple1_getkey (apple1_asm.o):
    screen1.o                 ../../lib/screen1.s(31)
    main.o                    main.s(23)
_c64font_glyph_buf (c64font_packed.o):
    c64font_unpack.o          ../../lib/c64font_unpack.s(15)
    screen1.o                 ../../lib/screen1.s(29)
_c64font_rle_data (c64font_packed.o):
    c64font_unpack.o          ../../lib/c64font_unpack.s(13)
_c64font_rle_offs (c64font_packed.o):
    c64font_unpack.o          ../../lib/c64font_unpack.s(14)
_c64font_unpack_glyph (c64font_unpack.o):
    screen1.o                 ../../lib/screen1.s(30)
_main (main.o):
    crt0.o                    none/crt0.s(3)
_screen1_load_font (screen1.o):
    main.o                    main.s(17)
_screen1_prepare (screen1.o):
    main.o                    main.s(18)
_screen1_putc (screen1.o):
    main.o                    main.s(19)
_screen1_puts (screen1.o):
    main.o                    main.s(20)
_screen1_strinput (screen1.o):
    main.o                    main.s(21)
_tms_cursor_x (tms9918.o):
    screen1.o                 ../../lib/screen1.s(14)
_tms_cursor_y (tms9918.o):
    screen1.o                 ../../lib/screen1.s(15)
_tms_init_regs (tms9918.o):
    main.o                    main.s(15)
_tms_reverse (tms9918.o):
    screen1.o                 ../../lib/screen1.s(16)
_tms_set_color (tms9918.o):
    main.o                    main.s(14)
_tms_set_vram_read_addr (tms9918.o):
    screen1.o                 ../../lib/screen1.s(18)
_tms_set_vram_write_addr (tms9918.o):
    screen1.o                 ../../lib/screen1.s(17)
_tms_wait_end_of_frame (tms9918.o):
    screen1.o                 ../../lib/screen1.s(19)
_woz_mon (apple1_asm.o):
    main.o                    main.s(22)
addeq0sp (addeqsp.o):
    screen1.o                 ../../lib/screen1.s(926)
    screen1.o                 ../../lib/screen1.s(926)
    screen1.o                 ../../lib/screen1.s(926)
    screen1.o                 ../../lib/screen1.s(926)
addeqysp (addeqsp.o):
    screen1.o                 ../../lib/screen1.s(926)
    main.o                    main.s(2180)
    main.o                    main.s(2180)
addysp (addysp.o):
    incsp8.o                  runtime/incsp8.s(8)
    incsp7.o                  runtime/incsp7.s(8)
    incsp6.o                  runtime/incsp6.s(8)
    incsp5.o                  runtime/incsp5.s(8)
    incsp4.o                  runtime/incsp4.s(8)
    incsp3.o                  runtime/incsp3.s(8)
boolne (makebool.o):
    main.o                    main.s(2180)
decsp1 (decsp1.o):
    screen1.o                 ../../lib/screen1.s(926)
    tms9918.o                 ../../lib/tms9918.s(380)
    main.o                    main.s(2180)
    main.o                    main.s(2180)
decsp2 (decsp2.o):
    screen1.o                 ../../lib/screen1.s(926)
    screen1.o                 ../../lib/screen1.s(926)
    screen1.o                 ../../lib/screen1.s(926)
    tms9918.o                 ../../lib/tms9918.s(380)
    main.o                    main.s(2180)
decsp3 (decsp3.o):
    screen1.o                 ../../lib/screen1.s(926)
decsp4 (decsp4.o):
    screen1.o                 ../../lib/screen1.s(926)
    screen1.o                 ../../lib/screen1.s(926)
    screen1.o                 ../../lib/screen1.s(926)
    main.o                    main.s(2180)
decsp6 (decsp6.o):
    c64font_unpack.o          ../../lib/c64font_unpack.s(123)
    screen1.o                 ../../lib/screen1.s(926)
donelib (condes.o):
    crt0.o                    none/crt0.s(4)
incsp1 (incsp1.o):
    c64font_unpack.o          ../../lib/c64font_unpack.s(123)
    screen1.o                 ../../lib/screen1.s(926)
    screen1.o                 ../../lib/screen1.s(926)
    tms9918.o                 ../../lib/tms9918.s(380)
    main.o                    main.s(2180)
    main.o                    main.s(2180)
incsp2 (incsp2.o):
    staspidx.o                runtime/staspidx.s(8)
    screen1.o                 ../../lib/screen1.s(926)
    screen1.o                 ../../lib/screen1.s(926)
    screen1.o                 ../../lib/screen1.s(926)
    screen1.o                 ../../lib/screen1.s(926)
    tms9918.o                 ../../lib/tms9918.s(380)
    tms9918.o                 ../../lib/tms9918.s(380)
    tms9918.o                 ../../lib/tms9918.s(380)
    tms9918.o                 ../../lib/tms9918.s(380)
    tms9918.o                 ../../lib/tms9918.s(380)
    tms9918.o                 ../../lib/tms9918.s(380)
    main.o                    main.s(2180)
incsp3 (incsp3.o):
    screen1.o                 ../../lib/screen1.s(926)
    screen1.o                 ../../lib/screen1.s(926)
    tms9918.o                 ../../lib/tms9918.s(380)
    main.o                    main.s(2180)
    main.o                    main.s(2180)
incsp4 (incsp4.o):
    screen1.o                 ../../lib/screen1.s(926)
    screen1.o                 ../../lib/screen1.s(926)
    screen1.o                 ../../lib/screen1.s(926)
    main.o                    main.s(2180)
    main.o                    main.s(2180)
incsp5 (incsp5.o):
    screen1.o                 ../../lib/screen1.s(926)
incsp6 (incsp6.o):
    main.o                    main.s(2180)
incsp7 (incsp7.o):
    c64font_unpack.o          ../../lib/c64font_unpack.s(123)
    main.o                    main.s(2180)
incsp8 (incsp8.o):
    screen1.o                 ../../lib/screen1.s(926)
    screen1.o                 ../../lib/screen1.s(926)
    tms9918.o                 ../../lib/tms9918.s(380)
initlib (condes.o):
    crt0.o                    none/crt0.s(4)
ptr1 (zeropage.o):
    zerobss.o                 common/zerobss.s(9)
    staspidx.o                runtime/staspidx.s(9)
    c64font_unpack.o          ../../lib/c64font_unpack.s(11)
    screen1.o                 ../../lib/screen1.s(11)
    tms9918.o                 ../../lib/tms9918.s(11)
    main.o                    main.s(11)
push0 (pushax.o):
    screen1.o                 ../../lib/screen1.s(926)
    screen1.o                 ../../lib/screen1.s(926)
pusha (pusha.o):
    c64font_unpack.o          ../../lib/c64font_unpack.s(123)
    screen1.o                 ../../lib/screen1.s(926)
    screen1.o                 ../../lib/screen1.s(926)
    screen1.o                 ../../lib/screen1.s(926)
    tms9918.o                 ../../lib/tms9918.s(380)
    tms9918.o                 ../../lib/tms9918.s(380)
    tms9918.o                 ../../lib/tms9918.s(380)
    tms9918.o                 ../../lib/tms9918.s(380)
    tms9918.o                 ../../lib/tms9918.s(380)
    tms9918.o                 ../../lib/tms9918.s(380)
    main.o                    main.s(2180)
    main.o                    main.s(2180)
    main.o                    main.s(2180)
pusha0 (pushax.o):
    screen1.o                 ../../lib/screen1.s(926)
    screen1.o                 ../../lib/screen1.s(926)
pushax (pushax.o):
    screen1.o                 ../../lib/screen1.s(926)
    screen1.o                 ../../lib/screen1.s(926)
    screen1.o                 ../../lib/screen1.s(926)
    screen1.o                 ../../lib/screen1.s(926)
    tms9918.o                 ../../lib/tms9918.s(380)
    tms9918.o                 ../../lib/tms9918.s(380)
    tms9918.o                 ../../lib/tms9918.s(380)
    tms9918.o                 ../../lib/tms9918.s(380)
    main.o                    main.s(2180)
    main.o                    main.s(2180)
    main.o                    main.s(2180)
    main.o                    main.s(2180)
    main.o                    main.s(2180)
    main.o                    main.s(2180)
    main.o                    main.s(2180)
    main.o                    main.s(2180)
pushw0sp (pushwsp.o):
    main.o                    main.s(2180)
pushwysp (pushwsp.o):
    screen1.o                 ../../lib/screen1.s(926)
    main.o                    main.s(2180)
    main.o                    main.s(2180)
    main.o                    main.s(2180)
    main.o                    main.s(2180)
regsave (zeropage.o):
    c64font_unpack.o          ../../lib/c64font_unpack.s(10)
    screen1.o                 ../../lib/screen1.s(10)
    tms9918.o                 ../../lib/tms9918.s(10)
    main.o                    main.s(10)
shlax4 (aslax4.o):
    screen1.o                 ../../lib/screen1.s(926)
sp (zeropage.o):
    addysp.o                  runtime/addysp.s(8)
    subeqsp.o                 runtime/subeqsp.s(8)
    staxsp.o                  runtime/staxsp.s(8)
    staspidx.o                runtime/staspidx.s(9)
    pushwsp.o                 runtime/pushwsp.s(8)
    pushax.o                  runtime/pushax.s(8)
    pusha.o                   runtime/pusha.s(8)
    incsp2.o                  runtime/incsp2.s(8)
    incsp1.o                  runtime/incsp1.s(8)
    icmp.o                    runtime/icmp.s(9)
    decsp6.o                  runtime/decsp6.s(8)
    decsp4.o                  runtime/decsp4.s(8)
    decsp3.o                  runtime/decsp3.s(8)
    decsp2.o                  runtime/decsp2.s(8)
    decsp1.o                  runtime/decsp1.s(8)
    crt0.o                    /build/cc65-5FfAbq/cc65-2.19/asminc/zeropage.inc(11)
    addeqsp.o                 runtime/addeqsp.s(8)
    add.o                     runtime/add.s(12)
    c64font_unpack.o          ../../lib/c64font_unpack.s(10)
    screen1.o                 ../../lib/screen1.s(10)
    tms9918.o                 ../../lib/tms9918.s(10)
    main.o                    main.s(10)
sreg (zeropage.o):
    icmp.o                    runtime/icmp.s(9)
    screen1.o                 ../../lib/screen1.s(10)
staspidx (staspidx.o):
    screen1.o                 ../../lib/screen1.s(926)
    tms9918.o                 ../../lib/tms9918.s(380)
    main.o                    main.s(2180)
stax0sp (staxsp.o):
    c64font_unpack.o          ../../lib/c64font_unpack.s(123)
    screen1.o                 ../../lib/screen1.s(926)
    tms9918.o                 ../../lib/tms9918.s(380)
staxysp (staxsp.o):
    c64font_unpack.o          ../../lib/c64font_unpack.s(123)
    screen1.o                 ../../lib/screen1.s(926)
    screen1.o                 ../../lib/screen1.s(926)
    screen1.o                 ../../lib/screen1.s(926)
    tms9918.o                 ../../lib/tms9918.s(380)
    main.o                    main.s(2180)
    main.o                    main.s(2180)
subeq0sp (subeqsp.o):
    screen1.o                 ../../lib/screen1.s(926)
    screen1.o                 ../../lib/screen1.s(926)
    tms9918.o                 ../../lib/tms9918.s(380)
tmp1 (zeropage.o):
    staspidx.o                runtime/staspidx.s(9)
    aslax4.o                  runtime/aslax4.s(8)
    add.o                     runtime/add.s(12)
    screen1.o                 ../../lib/screen1.s(11)
tosadda0 (add.o):
    screen1.o                 ../../lib/screen1.s(926)
    main.o                    main.s(2180)
    main.o                    main.s(2180)
tosicmp (icmp.o):
    screen1.o                 ../../lib/screen1.s(926)
    screen1.o                 ../../lib/screen1.s(926)
zerobss (zerobss.o):
    crt0.o                    none/crt0.s(3)

